%%%mzn-stat: command_line="./build/gpu-release-local/turbo -t 0 -a -n 0 -i -s -v -arch barebones -or 1 -sub 0 -subfactor 300 -stack 0 -fp ac1 -seed 0 -eps_var_order default -eps_value_order default -cutnodes 0 benchmarks/eq_chain.fzn"
% WARNING: -arch barebones is incompatible with -i and -a (it cannot print intermediate solutions).
% Input file parsed
%%%mzn-stat: parsed_variables=7
%%%mzn-stat: parsed_constraints=12
% Formula syntactically simplified.
% Analyzing the constraint network before preprocessing and ternarization...
%%%mzn-stat: fcn_variables=7
%%%mzn-stat: fcn_constraints=5
%%%mzn-stat: fcn_var_occurrences=14
%%%mzn-stat: fcn_histogram_symbols="{'leq': 1, 'add': 2, 'neg': 3, 'neq': 1, 'equiv': 3, 'eq': 3}"
%%%mzn-stat: fcn_histogram_reified_predicates="{'eq': 3}"
%%%mzn-stat: fcn_histogram_vars_degree="{2: 7}"
%%%mzn-stat: fcn_histogram_constraints_degree="{('add', 3): 1, ('neg', 1): 3, ('neq', 2): 1, ('equiv', 3): 3, ('leq', 3): 1, ('eq', 2): 3}"
%%%mzn-stat: abstract_domain="pir_itv32_z"
%%%mzn-stat: entailed_prop_removal="deactivated"
% Abstract domain allocated.
% Interpreting the formula...
% Formula has been interpreted.
%%%mzn-stat: tcn_variables=16
%%%mzn-stat: tcn_constraints=9
% Analyzing the ternary constraint network...
%%%mzn-stat: tcn_assigned_variables=3
%%%mzn-stat: tcn_unbounded_variables=5
%%%mzn-stat: tcn_unassigned_var_occurrences=17
%%%mzn-stat: tcn_assigned_var_occurrences=6
%%%mzn-stat: tcn_histogram_symbols="{'eq': 3, 'neq': 1, 'add': 5}"
%%%mzn-stat: tcn_histogram_reified_predicates="{'eq': 3}"
%%%mzn-stat: tcn_histogram_unassigned_vars_degree="{1: 1, 2: 8}"
%%%mzn-stat: tcn_histogram_assigned_vars_degree="{2: 3}"
%%%mzn-stat: tcn_histogram_vars_dom_size="{2: 3, 4: 4, 1: 4}"
%%%mzn-stat: preprocessing_icse_eliminated_constraints="[[0], [0]]"
%%%mzn-stat: preprocessing_algsimp_eliminated_constraints="[0, 0]"
%%%mzn-stat: preprocessing_algsimp_eliminated_eq_constraints="[0, 0]"
%%%mzn-stat: preprocessing_entailment_eliminated_constraints="[0, 0]"
%%%mzn-stat: preprocessing_eliminated_variables="[51, 0]"
% Formula simplified.
% Abstract domain allocated.
% Interpreting the formula...
% Formula has been interpreted.
%%%mzn-stat: preprocessed_tcn_variables=13
%%%mzn-stat: preprocessed_tcn_constraints=9
% Analyzing the ternary constraint network...
%%%mzn-stat: preprocessed_tcn_assigned_variables=8
%%%mzn-stat: preprocessed_tcn_unbounded_variables=0
%%%mzn-stat: preprocessed_tcn_unassigned_var_occurrences=8
%%%mzn-stat: preprocessed_tcn_assigned_var_occurrences=15
%%%mzn-stat: preprocessed_tcn_histogram_symbols="{'eq': 3, 'neq': 1, 'add': 5}"
%%%mzn-stat: preprocessed_tcn_histogram_reified_predicates="{'eq': 3}"
%%%mzn-stat: preprocessed_tcn_histogram_unassigned_vars_degree="{2: 4}"
%%%mzn-stat: preprocessed_tcn_histogram_assigned_vars_degree="{1: 1, 2: 7}"
%%%mzn-stat: preprocessed_tcn_histogram_vars_dom_size="{2: 8, 4: 4, 1: 1}"
%%%mzn-stat: preprocessing_time=0.021000
%%%mzn-stat-end
% Equality: copied 3 equality bytecodes.
% max_blocks_per_sm=2
%%%mzn-stat: subproblems_power=0
%%%mzn-stat: heap_memory=365568
%   [365.57KB]
%%%mzn-stat: mem_per_block=362616
%   [362.62KB]
%%%mzn-stat: total_global_mem_bytes=42405855232
%   [42.41GB]
%%%mzn-stat: num_blocks=1
% max_shared_memory=167936
% static_shared_memory=80
%%%mzn-stat: memory_configuration="tcn_shared"
%%%mzn-stat: shared_mem=740
%   [0.74KB]
%%%mzn-stat: store_mem=340
%   [0.34KB]
%%%mzn-stat: propagator_mem=272
%   [0.27KB]
%%%mzn-stat-end
% GPU kernel started, starting solving...
% [eq-metrics] node=1 depth=0 is_bot=0 eq_conflict=0 nr_eq_classes=13 fp_iterations=1
% [eq-metrics] node=2 depth=1 is_bot=0 eq_conflict=0 nr_eq_classes=8 fp_iterations=4
% [eq-metrics] node=3 depth=2 is_bot=0 eq_conflict=0 nr_eq_classes=8 fp_iterations=2
% [eq-metrics] node=4 depth=3 is_bot=0 eq_conflict=0 nr_eq_classes=8 fp_iterations=1
% [eq-metrics] node=5 depth=3 is_bot=0 eq_conflict=0 nr_eq_classes=8 fp_iterations=4
% [eq-metrics] node=6 depth=4 is_bot=0 eq_conflict=0 nr_eq_classes=8 fp_iterations=1
% [eq-metrics] node=7 depth=4 is_bot=0 eq_conflict=0 nr_eq_classes=8 fp_iterations=4
% [eq-metrics] node=8 depth=2 is_bot=0 eq_conflict=0 nr_eq_classes=8 fp_iterations=4
% [eq-metrics] node=9 depth=3 is_bot=0 eq_conflict=0 nr_eq_classes=8 fp_iterations=1
% [eq-metrics] node=10 depth=4 is_bot=0 eq_conflict=0 nr_eq_classes=8 fp_iterations=1
% [eq-metrics] node=11 depth=4 is_bot=0 eq_conflict=0 nr_eq_classes=8 fp_iterations=4
% [eq-metrics] node=12 depth=5 is_bot=0 eq_conflict=0 nr_eq_classes=8 fp_iterations=1
% [eq-metrics] node=13 depth=5 is_bot=0 eq_conflict=0 nr_eq_classes=8 fp_iterations=4
% [eq-metrics] node=14 depth=3 is_bot=0 eq_conflict=0 nr_eq_classes=8 fp_iterations=4
% [eq-metrics] node=15 depth=4 is_bot=0 eq_conflict=0 nr_eq_classes=8 fp_iterations=1
% [eq-metrics] node=16 depth=5 is_bot=0 eq_conflict=0 nr_eq_classes=8 fp_iterations=1
% [eq-metrics] node=17 depth=5 is_bot=0 eq_conflict=0 nr_eq_classes=8 fp_iterations=4
% [eq-metrics] node=18 depth=6 is_bot=0 eq_conflict=0 nr_eq_classes=8 fp_iterations=1
% [eq-metrics] node=19 depth=6 is_bot=0 eq_conflict=0 nr_eq_classes=8 fp_iterations=4
% [eq-metrics] node=20 depth=4 is_bot=0 eq_conflict=0 nr_eq_classes=8 fp_iterations=4
% [eq-metrics] node=21 depth=5 is_bot=0 eq_conflict=0 nr_eq_classes=8 fp_iterations=1
% [eq-metrics] node=22 depth=5 is_bot=0 eq_conflict=0 nr_eq_classes=8 fp_iterations=4
% [eq-metrics] node=23 depth=6 is_bot=0 eq_conflict=0 nr_eq_classes=8 fp_iterations=1
% [eq-metrics] node=24 depth=6 is_bot=0 eq_conflict=0 nr_eq_classes=8 fp_iterations=4
% [eq-metrics] node=25 depth=1 is_bot=0 eq_conflict=0 nr_eq_classes=12 fp_iterations=2
% [eq-metrics] node=26 depth=2 is_bot=0 eq_conflict=0 nr_eq_classes=8 fp_iterations=3
% [eq-metrics] node=27 depth=3 is_bot=0 eq_conflict=0 nr_eq_classes=8 fp_iterations=2
% [eq-metrics] node=28 depth=4 is_bot=0 eq_conflict=0 nr_eq_classes=8 fp_iterations=1
% [eq-metrics] node=29 depth=4 is_bot=0 eq_conflict=0 nr_eq_classes=8 fp_iterations=3
% [eq-metrics] node=30 depth=5 is_bot=0 eq_conflict=0 nr_eq_classes=8 fp_iterations=1
% [eq-metrics] node=31 depth=5 is_bot=0 eq_conflict=0 nr_eq_classes=8 fp_iterations=3
% [eq-metrics] node=32 depth=3 is_bot=0 eq_conflict=0 nr_eq_classes=8 fp_iterations=3
% [eq-metrics] node=33 depth=4 is_bot=0 eq_conflict=0 nr_eq_classes=8 fp_iterations=1
% [eq-metrics] node=34 depth=5 is_bot=0 eq_conflict=0 nr_eq_classes=8 fp_iterations=1
% [eq-metrics] node=35 depth=5 is_bot=0 eq_conflict=0 nr_eq_classes=8 fp_iterations=3
% [eq-metrics] node=36 depth=6 is_bot=0 eq_conflict=0 nr_eq_classes=8 fp_iterations=1
% [eq-metrics] node=37 depth=6 is_bot=0 eq_conflict=0 nr_eq_classes=8 fp_iterations=3
% [eq-metrics] node=38 depth=4 is_bot=0 eq_conflict=0 nr_eq_classes=8 fp_iterations=3
% [eq-metrics] node=39 depth=5 is_bot=0 eq_conflict=0 nr_eq_classes=8 fp_iterations=1
% [eq-metrics] node=40 depth=6 is_bot=0 eq_conflict=0 nr_eq_classes=8 fp_iterations=1
% [eq-metrics] node=41 depth=6 is_bot=0 eq_conflict=0 nr_eq_classes=8 fp_iterations=3
% [eq-metrics] node=42 depth=7 is_bot=0 eq_conflict=0 nr_eq_classes=8 fp_iterations=1
% [eq-metrics] node=43 depth=7 is_bot=0 eq_conflict=0 nr_eq_classes=8 fp_iterations=3
% [eq-metrics] node=44 depth=5 is_bot=0 eq_conflict=0 nr_eq_classes=8 fp_iterations=3
% [eq-metrics] node=45 depth=6 is_bot=0 eq_conflict=0 nr_eq_classes=8 fp_iterations=1
% [eq-metrics] node=46 depth=6 is_bot=0 eq_conflict=0 nr_eq_classes=8 fp_iterations=3
% [eq-metrics] node=47 depth=7 is_bot=0 eq_conflict=0 nr_eq_classes=8 fp_iterations=1
% [eq-metrics] node=48 depth=7 is_bot=0 eq_conflict=0 nr_eq_classes=8 fp_iterations=3
% [eq-metrics] node=49 depth=2 is_bot=0 eq_conflict=0 nr_eq_classes=11 fp_iterations=2
% [eq-metrics] node=50 depth=3 is_bot=0 eq_conflict=0 nr_eq_classes=8 fp_iterations=3
% [eq-metrics] node=51 depth=4 is_bot=0 eq_conflict=0 nr_eq_classes=8 fp_iterations=2
% [eq-metrics] node=52 depth=4 is_bot=0 eq_conflict=0 nr_eq_classes=8 fp_iterations=3
% [eq-metrics] node=53 depth=5 is_bot=0 eq_conflict=0 nr_eq_classes=8 fp_iterations=1
% [eq-metrics] node=54 depth=6 is_bot=0 eq_conflict=0 nr_eq_classes=8 fp_iterations=1
% [eq-metrics] node=55 depth=6 is_bot=0 eq_conflict=0 nr_eq_classes=8 fp_iterations=3
% [eq-metrics] node=56 depth=5 is_bot=0 eq_conflict=0 nr_eq_classes=8 fp_iterations=3
% [eq-metrics] node=57 depth=6 is_bot=0 eq_conflict=0 nr_eq_classes=8 fp_iterations=1
% [eq-metrics] node=58 depth=7 is_bot=0 eq_conflict=0 nr_eq_classes=8 fp_iterations=1
% [eq-metrics] node=59 depth=7 is_bot=0 eq_conflict=0 nr_eq_classes=8 fp_iterations=3
% [eq-metrics] node=60 depth=8 is_bot=0 eq_conflict=0 nr_eq_classes=8 fp_iterations=1
% [eq-metrics] node=61 depth=8 is_bot=0 eq_conflict=0 nr_eq_classes=8 fp_iterations=3
% [eq-metrics] node=62 depth=6 is_bot=0 eq_conflict=0 nr_eq_classes=8 fp_iterations=3
% [eq-metrics] node=63 depth=3 is_bot=1 eq_conflict=1 nr_eq_classes=10 fp_iterations=2
----------
==========
%%%mzn-stat: problem_path="benchmarks/eq_chain.fzn"
%%%mzn-stat: solver="Turbo"
%%%mzn-stat: version="1.3.0"
%%%mzn-stat: hardware="unspecified"
%%%mzn-stat: arch="barebones"
%%%mzn-stat: fixpoint="ac1"
%%%mzn-stat: subproblems_factor=300
%%%mzn-stat: seed=0
%%%mzn-stat: eps_var_order="default"
%%%mzn-stat: eps_value_order="default"
%%%mzn-stat: free_search="no"
%%%mzn-stat: or_nodes=1
%%%mzn-stat: timeout_ms=0
%%%mzn-stat: threads_per_block=256
%%%mzn-stat: stack_size=0
%%%mzn-stat: cuda_version=12080
%%%mzn-stat: cutnodes=0
%%%mzn-stat: num_blocks=1
%%%mzn-stat: nodes=63
%   [0.00M]
%%%mzn-stat: nodes_at_best_obj=4
%   [0.00M]
%%%mzn-stat: eq_classes_best_solution=8
%%%mzn-stat: failures=1
%%%mzn-stat: failure_depth_sum=3
%%%mzn-stat: eq_deduce_fails=1
%%%mzn-stat: avg_depth_failure=3.000000
%%%mzn-stat: avg_depth_eq_conflict=0.000000
%%%mzn-stat: avg_depth_interval_failure=0.000000
%%%mzn-stat: variables=13
%%%mzn-stat: propagators=9
%%%mzn-stat: peakDepth=8
%%%mzn-stat: initTime=0.021000
%%%mzn-stat: solveTime=0.960000
%%%mzn-stat: num_solutions=1
%%%mzn-stat: eps_num_subproblems=1
%%%mzn-stat: eps_solved_subproblems=1
%%%mzn-stat: eps_skipped_subproblems=0
%%%mzn-stat: num_blocks_done=1
%%%mzn-stat: fixpoint_iterations=143
%   [0.00M]
%%%mzn-stat: num_deductions=1287
%   [0.00M]
%%%mzn-stat: cumulative_time_block_sec=0.004000
%%%mzn-stat: deductions_per_block_second=321750.000000
%%%mzn-stat: solve_time=0.960000
%%%mzn-stat: search_time=0.003000
%%%mzn-stat: fixpoint_time=0.001000
%%%mzn-stat: transfer_cpu2gpu_time=0.000000
%%%mzn-stat: transfer_gpu2cpu_time=0.000000
%%%mzn-stat: select_fp_functions_time=0.000000
%%%mzn-stat: wait_cpu_time=0.000000
%%%mzn-stat: dive_time=0.000000
%%%mzn-stat: best_obj_time=0.861000
%%%mzn-stat: first_block_idle_time=0.865000
%%%mzn-stat-end
