%%%mzn-stat: command_line="./build/gpu-release-local/turbo -t 0 -a -n 0 -i -s -v -arch barebones -or 1 -sub 0 -subfactor 300 -stack 0 -fp ac1 -seed 0 -eps_var_order default -eps_value_order default -cutnodes 0 benchmarks/eq_entail.fzn"
% WARNING: -arch barebones is incompatible with -i and -a (it cannot print intermediate solutions).
% Input file parsed
%%%mzn-stat: parsed_variables=5
%%%mzn-stat: parsed_constraints=8
% Formula syntactically simplified.
% Analyzing the constraint network before preprocessing and ternarization...
%%%mzn-stat: fcn_variables=5
%%%mzn-stat: fcn_constraints=3
%%%mzn-stat: fcn_var_occurrences=9
%%%mzn-stat: fcn_histogram_symbols="{'leq': 2, 'equiv': 3, 'eq': 1}"
%%%mzn-stat: fcn_histogram_reified_predicates="{'leq': 2, 'eq': 1}"
%%%mzn-stat: fcn_histogram_vars_degree="{3: 2, 1: 3}"
%%%mzn-stat: fcn_histogram_constraints_degree="{('leq', 2): 2, ('equiv', 3): 3, ('eq', 2): 1}"
%%%mzn-stat: abstract_domain="pir_itv32_z"
%%%mzn-stat: entailed_prop_removal="deactivated"
% Abstract domain allocated.
% Interpreting the formula...
% Formula has been interpreted.
%%%mzn-stat: tcn_variables=8
%%%mzn-stat: tcn_constraints=3
% Analyzing the ternary constraint network...
%%%mzn-stat: tcn_assigned_variables=3
%%%mzn-stat: tcn_unbounded_variables=0
%%%mzn-stat: tcn_unassigned_var_occurrences=6
%%%mzn-stat: tcn_assigned_var_occurrences=3
%%%mzn-stat: tcn_histogram_symbols="{'leq': 2, 'eq': 1}"
%%%mzn-stat: tcn_histogram_reified_predicates="{'leq': 2, 'eq': 1}"
%%%mzn-stat: tcn_histogram_unassigned_vars_degree="{3: 2}"
%%%mzn-stat: tcn_histogram_assigned_vars_degree="{1: 3}"
%%%mzn-stat: tcn_histogram_vars_dom_size="{2: 3, 4: 2, 1: 3}"
%%%mzn-stat: preprocessing_icse_eliminated_constraints="[[0]]"
%%%mzn-stat: preprocessing_algsimp_eliminated_constraints="[0]"
%%%mzn-stat: preprocessing_algsimp_eliminated_eq_constraints="[0]"
%%%mzn-stat: preprocessing_entailment_eliminated_constraints="[0]"
%%%mzn-stat: preprocessing_eliminated_variables="[59]"
% Formula simplified.
% Abstract domain allocated.
% Interpreting the formula...
% Formula has been interpreted.
%%%mzn-stat: preprocessed_tcn_variables=5
%%%mzn-stat: preprocessed_tcn_constraints=3
% Analyzing the ternary constraint network...
%%%mzn-stat: preprocessed_tcn_assigned_variables=3
%%%mzn-stat: preprocessed_tcn_unbounded_variables=0
%%%mzn-stat: preprocessed_tcn_unassigned_var_occurrences=6
%%%mzn-stat: preprocessed_tcn_assigned_var_occurrences=3
%%%mzn-stat: preprocessed_tcn_histogram_symbols="{'leq': 2, 'eq': 1}"
%%%mzn-stat: preprocessed_tcn_histogram_reified_predicates="{'leq': 2, 'eq': 1}"
%%%mzn-stat: preprocessed_tcn_histogram_unassigned_vars_degree="{3: 2}"
%%%mzn-stat: preprocessed_tcn_histogram_assigned_vars_degree="{1: 3}"
%%%mzn-stat: preprocessed_tcn_histogram_vars_dom_size="{2: 3, 4: 2}"
%%%mzn-stat: preprocessing_time=0.018000
%%%mzn-stat-end
% max_blocks_per_sm=2
%%%mzn-stat: subproblems_power=0
%%%mzn-stat: heap_memory=363168
%   [363.17KB]
%%%mzn-stat: mem_per_block=361320
%   [361.32KB]
%%%mzn-stat: total_global_mem_bytes=42405855232
%   [42.41GB]
%%%mzn-stat: num_blocks=1
% max_shared_memory=167936
% static_shared_memory=80
%%%mzn-stat: memory_configuration="tcn_shared"
%%%mzn-stat: shared_mem=416
%   [0.42KB]
%%%mzn-stat: store_mem=112
%   [0.11KB]
%%%mzn-stat: propagator_mem=176
%   [0.18KB]
%%%mzn-stat-end
% GPU kernel started, starting solving...
----------
==========
%%%mzn-stat: problem_path="benchmarks/eq_entail.fzn"
%%%mzn-stat: solver="Turbo"
%%%mzn-stat: version="1.3.0"
%%%mzn-stat: hardware="unspecified"
%%%mzn-stat: arch="barebones"
%%%mzn-stat: fixpoint="ac1"
%%%mzn-stat: subproblems_factor=300
%%%mzn-stat: seed=0
%%%mzn-stat: eps_var_order="default"
%%%mzn-stat: eps_value_order="default"
%%%mzn-stat: free_search="no"
%%%mzn-stat: or_nodes=1
%%%mzn-stat: timeout_ms=0
%%%mzn-stat: threads_per_block=256
%%%mzn-stat: stack_size=0
%%%mzn-stat: cuda_version=12080
%%%mzn-stat: cutnodes=0
%%%mzn-stat: num_blocks=1
%%%mzn-stat: nodes=33
%   [0.00M]
%%%mzn-stat: nodes_at_best_obj=6
%%%mzn-stat: failures=7
%%%mzn-stat: avg_depth_failure=4.142857
%%%mzn-stat: variables=5
%%%mzn-stat: propagators=3
%%%mzn-stat: peakDepth=6
%%%mzn-stat: initTime=0.018000
%%%mzn-stat: solveTime=0.957000
%%%mzn-stat: num_solutions=1
%%%mzn-stat: eps_num_subproblems=1
%%%mzn-stat: eps_solved_subproblems=1
%%%mzn-stat: eps_skipped_subproblems=0
%%%mzn-stat: num_blocks_done=1
%%%mzn-stat: fixpoint_iterations=57
%   [0.00M]
%%%mzn-stat: num_deductions=171
%   [0.00M]
%%%mzn-stat: cumulative_time_block_sec=0.000000
%%%mzn-stat: deductions_per_block_second=inf
%%%mzn-stat: solve_time=0.957000
%%%mzn-stat: search_time=0.000000
%%%mzn-stat: fixpoint_time=0.000000
%%%mzn-stat: transfer_cpu2gpu_time=0.000000
%%%mzn-stat: transfer_gpu2cpu_time=0.000000
%%%mzn-stat: select_fp_functions_time=0.000000
%%%mzn-stat: wait_cpu_time=0.000000
%%%mzn-stat: dive_time=0.000000
%%%mzn-stat: best_obj_time=0.857000
%%%mzn-stat: first_block_idle_time=0.858000
%%%mzn-stat-end
