%%%mzn-stat: command_line="./build/gpu-release-local-1/turbo -t 0 -n 1 -s -v -arch barebones -or 1 -sub 0 -subfactor 300 -stack 0 -disable_simplify -fp ac1 -seed 0 -eps_var_order default -eps_value_order default -cutnodes 0 benchmarks/conflict.fzn"
% Input file parsed
%%%mzn-stat: parsed_variables=6
%%%mzn-stat: parsed_constraints=8
% Formula syntactically simplified.
% Analyzing the constraint network before preprocessing and ternarization...
%%%mzn-stat: fcn_variables=6
%%%mzn-stat: fcn_constraints=3
%%%mzn-stat: fcn_var_occurrences=10
%%%mzn-stat: fcn_histogram_symbols="{'equiv': 3, 'eq': 3}"
%%%mzn-stat: fcn_histogram_reified_predicates="{'eq': 3}"
%%%mzn-stat: fcn_histogram_vars_degree="{2: 4, 1: 2}"
%%%mzn-stat: fcn_histogram_constraints_degree="{('equiv', 3): 3, ('eq', 2): 3}"
%%%mzn-stat: abstract_domain="pir_itv32_z"
%%%mzn-stat: entailed_prop_removal="deactivated"
% Abstract domain allocated.
% Interpreting the formula...
% Formula has been interpreted.
%%%mzn-stat: tcn_variables=9
%%%mzn-stat: tcn_constraints=4
% Analyzing the ternary constraint network...
%%%mzn-stat: tcn_assigned_variables=2
%%%mzn-stat: tcn_unbounded_variables=0
%%%mzn-stat: tcn_unassigned_var_occurrences=6
%%%mzn-stat: tcn_assigned_var_occurrences=3
%%%mzn-stat: tcn_histogram_symbols="{'neq': 2, 'eq': 2}"
%%%mzn-stat: tcn_histogram_reified_predicates="{'eq': 2}"
%%%mzn-stat: tcn_histogram_unassigned_vars_degree="{2: 3}"
%%%mzn-stat: tcn_histogram_assigned_vars_degree="{1: 1, 2: 1}"
%%%mzn-stat: tcn_histogram_vars_dom_size="{2: 2, 5: 2, 20: 1, 1: 4}"
%%%mzn-stat: preprocessing_time=0.007000
%%%mzn-stat-end
% Equality: copied 2 equality bytecodes.
% max_blocks_per_sm=2
%%%mzn-stat: subproblems_power=0
%%%mzn-stat: heap_memory=364736
%   [364.74KB]
%%%mzn-stat: mem_per_block=362120
%   [362.12KB]
%%%mzn-stat: total_global_mem_bytes=42405855232
%   [42.41GB]
%%%mzn-stat: num_blocks=1
% max_shared_memory=167936
% static_shared_memory=80
%%%mzn-stat: memory_configuration="tcn_shared"
%%%mzn-stat: shared_mem=612
%   [0.61KB]
%%%mzn-stat: store_mem=292
%   [0.29KB]
%%%mzn-stat: propagator_mem=192
%   [0.19KB]
%%%mzn-stat-end
% GPU kernel started, starting solving...
% [eq-metrics] node=1 depth=0 is_bot=0 vars=9 classes=8 rep_mismatches=0 max_chain_depth=1 fp_iterations=2
% [eq-metrics] node=2 depth=1 is_bot=0 vars=9 classes=8 rep_mismatches=0 max_chain_depth=1 fp_iterations=1
% [eq-metrics] node=3 depth=2 is_bot=0 vars=9 classes=8 rep_mismatches=0 max_chain_depth=1 fp_iterations=2
% [eq-metrics] node=4 depth=2 is_bot=0 vars=9 classes=8 rep_mismatches=0 max_chain_depth=1 fp_iterations=1
% [eq-metrics] node=5 depth=3 is_bot=0 vars=9 classes=8 rep_mismatches=0 max_chain_depth=1 fp_iterations=1
% [eq-metrics] node=6 depth=4 is_bot=0 vars=9 classes=8 rep_mismatches=0 max_chain_depth=1 fp_iterations=1
% [eq-metrics] node=7 depth=4 is_bot=0 vars=9 classes=8 rep_mismatches=0 max_chain_depth=1 fp_iterations=2
% [eq-metrics] node=8 depth=3 is_bot=0 vars=9 classes=8 rep_mismatches=0 max_chain_depth=1 fp_iterations=1
% [eq-metrics] node=9 depth=4 is_bot=0 vars=9 classes=8 rep_mismatches=0 max_chain_depth=1 fp_iterations=1
% [eq-metrics] node=10 depth=5 is_bot=0 vars=9 classes=8 rep_mismatches=0 max_chain_depth=1 fp_iterations=1
% [eq-metrics] node=11 depth=5 is_bot=0 vars=9 classes=8 rep_mismatches=0 max_chain_depth=1 fp_iterations=1
% [eq-metrics] node=12 depth=6 is_bot=0 vars=9 classes=8 rep_mismatches=0 max_chain_depth=1 fp_iterations=1
% [eq-metrics] node=13 depth=6 is_bot=0 vars=9 classes=8 rep_mismatches=0 max_chain_depth=1 fp_iterations=2
% [eq-metrics] node=14 depth=4 is_bot=0 vars=9 classes=8 rep_mismatches=0 max_chain_depth=1 fp_iterations=1
% [eq-metrics] node=15 depth=5 is_bot=0 vars=9 classes=8 rep_mismatches=0 max_chain_depth=1 fp_iterations=1
% [eq-metrics] node=16 depth=6 is_bot=0 vars=9 classes=8 rep_mismatches=0 max_chain_depth=1 fp_iterations=1
% [eq-metrics] node=17 depth=6 is_bot=0 vars=9 classes=8 rep_mismatches=0 max_chain_depth=1 fp_iterations=1
% [eq-metrics] node=18 depth=7 is_bot=0 vars=9 classes=8 rep_mismatches=0 max_chain_depth=1 fp_iterations=1
% [eq-metrics] node=19 depth=7 is_bot=0 vars=9 classes=8 rep_mismatches=0 max_chain_depth=1 fp_iterations=1
% [eq-metrics] node=20 depth=8 is_bot=0 vars=9 classes=8 rep_mismatches=0 max_chain_depth=1 fp_iterations=1
% [eq-metrics] node=21 depth=8 is_bot=0 vars=9 classes=8 rep_mismatches=0 max_chain_depth=1 fp_iterations=2
% [eq-metrics] node=22 depth=5 is_bot=0 vars=9 classes=8 rep_mismatches=0 max_chain_depth=1 fp_iterations=2
% [eq-metrics] node=23 depth=1 is_bot=1 vars=9 classes=7 rep_mismatches=0 max_chain_depth=1 fp_iterations=1
----------
==========
%%%mzn-stat: problem_path="benchmarks/conflict.fzn"
%%%mzn-stat: solver="Turbo"
%%%mzn-stat: version="1.3.0"
%%%mzn-stat: hardware="unspecified"
%%%mzn-stat: arch="barebones"
%%%mzn-stat: fixpoint="ac1"
%%%mzn-stat: subproblems_factor=300
%%%mzn-stat: seed=0
%%%mzn-stat: eps_var_order="default"
%%%mzn-stat: eps_value_order="default"
%%%mzn-stat: free_search="no"
%%%mzn-stat: or_nodes=1
%%%mzn-stat: timeout_ms=0
%%%mzn-stat: threads_per_block=256
%%%mzn-stat: stack_size=0
%%%mzn-stat: cuda_version=12080
%%%mzn-stat: cutnodes=0
%%%mzn-stat: num_blocks=1
%%%mzn-stat: nodes=23
%   [0.00M]
%%%mzn-stat: nodes_at_best_obj=3
%   [0.00M]
%%%mzn-stat: failures=1
%%%mzn-stat: failure_depth_sum=1
%%%mzn-stat: avg_depth_failure=1.000000
%%%mzn-stat: variables=9
%%%mzn-stat: propagators=4
%%%mzn-stat: peakDepth=8
%%%mzn-stat: initTime=0.007000
%%%mzn-stat: solveTime=0.947000
%%%mzn-stat: num_solutions=1
%%%mzn-stat: eps_num_subproblems=1
%%%mzn-stat: eps_solved_subproblems=1
%%%mzn-stat: eps_skipped_subproblems=0
%%%mzn-stat: num_blocks_done=1
%%%mzn-stat: fixpoint_iterations=29
%   [0.00M]
%%%mzn-stat: num_deductions=116
%   [0.00M]
%%%mzn-stat: cumulative_time_block_sec=0.001000
%%%mzn-stat: deductions_per_block_second=116000.000000
%%%mzn-stat: solve_time=0.947000
%%%mzn-stat: search_time=0.001000
%%%mzn-stat: fixpoint_time=0.000000
%%%mzn-stat: transfer_cpu2gpu_time=0.000000
%%%mzn-stat: transfer_gpu2cpu_time=0.000000
%%%mzn-stat: select_fp_functions_time=0.000000
%%%mzn-stat: wait_cpu_time=0.000000
%%%mzn-stat: dive_time=0.000000
%%%mzn-stat: best_obj_time=0.848000
%%%mzn-stat: first_block_idle_time=0.849000
%%%mzn-stat-end
